Processing debug (platform: https://github.com/maxgerhardt/platform-raspberrypi.git; board: rpipico2w; framework: arduino)
--------------------------------------------------------------------------------
Verbose mode can be enabled via `-v, --verbose` option
CONFIGURATION: https://docs.platformio.org/page/boards/raspberrypi/rpipico2w.html
PLATFORM: Raspberry Pi RP2040 (1.18.0+sha.24f5f5b) > Pico 2W
HARDWARE: RP2350 150MHz, 512KB RAM, 4MB Flash
DEBUG: Current (blackmagic) External (blackmagic, cmsis-dap, jlink, picoprobe, raspberrypi-swd)
PACKAGES: 
 - framework-arduinopico @ 1.50403.0+sha.30aead9 
 - tool-picotool-rp2040-earlephilhower @ 5.140200.250530 (14.2.0) 
 - tool-pioasm-rp2040-earlephilhower @ 5.140200.250530 (14.2.0) 
 - toolchain-rp2040-earlephilhower @ 5.140200.250530 (14.2.0)
Flash size: 4.00MB
Sketch size: 3.00MB
Filesystem size: 1.00MB
PSRAM size: 0.00MB
Maximium Sketch size: 3141632 EEPROM start: 0x103ff000 Filesystem start: 0x102ff000 Filesystem end: 0x103ff000
LDF: Library Dependency Finder -> https://bit.ly/configure-pio-ldf
LDF Modes: Finder ~ chain, Compatibility ~ soft
Found 82 compatible libraries
Scanning dependencies...
Dependency Graph
|-- SPI @ 1.0
|-- Adafruit ICM20X @ 2.0.7
|-- TFT_eSPI @ 2.5.43
|-- SdFat @ 2.3.1
|-- SD @ 1.3.0
|-- Ethernet_Generic @ 2.8.1
|-- libmseed @ 0.0.0+20260302074036.sha.4989c11
|-- CMSIS_5 DSP @ 5
|-- miniSEED Logger @ 1.0.0
|-- SD_SPI
|-- Adafruit Unified Sensor @ 1.1.15
|-- ADS1256 @ 1.6.0
|-- LittleFS @ 0.1.0
|-- WiFi @ 1.0.0
|-- Wire @ 1.0
Building in release mode
compile_pio_files(["C:\Users\Admin\.platformio\build\debug\debug\firmware.elf"], ["C:\Users\Admin\.platformio\build\debug\debug\FrameworkArduinoVariant\digital.cpp.o", "C:\Users\Admin\.platformio\build\debug\debug\FrameworkArduinoVariant\init.cpp.o", "C:\Users\Admin\.platformio\build\debug\debug\FrameworkArduinoBootloader\none.S.o", "C:\Users\Admin\.platformio\build\debug\debug\src\main.cpp.o"])
Linking C:\Users\Admin\.platformio\build\debug\debug\firmware.elf
C:\Users\Admin\.platformio\penv\Scripts\platformio.exe : C:/Users/Admin/.platformio/packages/toolchain-rp2040-earlephilhower/bin/../lib/gcc/arm-none-eabi/14.3.0/../../../../arm-none-eabi/bin/ld.exe: 
C:\Users\Admin\.platformio\build\debug\debug\lib583\libmseed.a(logging.c.o): in function `ms_rlog':
In Zeile:1 Zeichen:1
+ C:\Users\Admin\.platformio\penv\Scripts\platformio.exe run 2>&1 > bui ...
+ ~~~~~~~~~~~~~~~~~~~~~~~~~~~~~~~~~~~~~~~~~~~~~~~~~~~~~~~~~~~~~~~~~~~~~
    + CategoryInfo          : NotSpecified: (C:/Users/Admin/...tion `ms_rlog'::String) [], RemoteException
    + FullyQualifiedErrorId : NativeCommandError
 
logging.c:(.text.ms_rlog+0x10): undefined reference to `__aeabi_read_tp'
collect2.exe: error: ld returned 1 exit status
*** [C:\Users\Admin\.platformio\build\debug\debug\firmware.elf] Error 1
========================== [FAILED] Took 6.89 seconds ==========================

Environment    Status    Duration
-------------  --------  ------------
debug          FAILED    00:00:06.886
==================== 1 failed, 0 succeeded in 00:00:06.886 ====================
